// Jest Snapshot v1, https://jestjs.io/docs/snapshot-testing

exports[`Login Component matches the snapshot 1`] = `
<DocumentFragment>
  <div
    class="min-h-screen flex items-center justify-center bg-gray-100 px-4"
  >
    <div
      class="w-full max-w-md bg-white border border-gray-200 rounded-xl shadow-lg p-8 space-y-6"
    >
      <h1
        class="text-3xl font-bold text-center text-gray-800"
      >
        Welcome Back
      </h1>
      <p
        class="text-center text-gray-500"
      >
        Please log in to your account
      </p>
      <form
        action="#"
        class="space-y-5"
      >
        <div>
          <label
            class="block text-sm font-medium text-gray-700 mb-1"
            for="email"
          >
            Email
          </label>
          <input
            autocomplete="current-email"
            class="w-full px-4 py-2 border border-gray-300 rounded-lg focus:outline-none focus:ring-2 focus:ring-gray-400"
            name="email"
            placeholder="Enter your email"
            type="email"
            value=""
          />
        </div>
        <div
          class="relative"
        >
          <label
            class="block text-sm font-medium text-gray-700"
            for="password"
          />
          <input
            autocomplete="current-password"
            class="w-full px-4 py-2 border border-gray-300 rounded-lg focus:outline-none focus:ring-2 focus:ring-gray-400 pr-10"
            name="password"
            placeholder="********"
            type="password"
            value=""
          />
          <div
            class="absolute inset-y-0 right-2 flex items-center cursor-pointer text-gray-500"
            data-testid="toggle-password"
          >
            <svg
              aria-hidden="true"
              class="lucide lucide-eye"
              fill="none"
              height="18"
              stroke="currentColor"
              stroke-linecap="round"
              stroke-linejoin="round"
              stroke-width="2"
              viewBox="0 0 24 24"
              width="18"
              xmlns="http://www.w3.org/2000/svg"
            >
              <path
                d="M2.062 12.348a1 1 0 0 1 0-.696 10.75 10.75 0 0 1 19.876 0 1 1 0 0 1 0 .696 10.75 10.75 0 0 1-19.876 0"
              />
              <circle
                cx="12"
                cy="12"
                r="3"
              />
            </svg>
          </div>
        </div>
        <button
          class="w-full bg-gray-700 hover:bg-gray-800 text-white py-2 rounded-lg font-semibold transition duration-300"
          type="submit"
        >
          Login
        </button>
      </form>
      <p
        class="text-center text-sm text-gray-600"
      >
        Don't have an account? 
        <span
          class="text-gray-700 font-medium cursor-pointer hover:underline"
        >
          Sign up
        </span>
      </p>
    </div>
  </div>
</DocumentFragment>
`;
